// Jest Snapshot v1, https://goo.gl/fbAQLP

exports[`Renders Quote renders 1`] = `
<div
  className="quoteContainer"
>
  <p
    className="quoteText"
  >
    Mathematics is not about numbers, equations, computations, or algorithms: it is about understanding.
  </p>
  <p
    className="quoteText"
  >
    - William Paul Thurston
  </p>
</div>
`;
